PASS 375 dark person: direct sign-in with the same token
PASS 375 dark person: target is at least 44pt
PASS 375 dark person: installation remains available
PASS 375 dark person: token survives email arrival
PASS 375 dark person: refresh keeps intent and the email door
PASS 375 dark person: no write before the deciding yes
PASS 375 dark person: one confirmed redeem consumes the token
PASS 375 dark plan: direct sign-in with the same token
PASS 375 dark plan: target is at least 44pt
PASS 375 dark plan: installation remains available
PASS 375 dark plan: token survives email arrival
PASS 375 dark plan: refresh keeps intent and the email door
PASS 375 dark plan: no write before the deciding yes
PASS 375 dark plan: one confirmed redeem consumes the token
PASS 375 dark door: already agreed opens the correct season and retires pending code
PASS 375 dark welcome: already agreed opens the correct season and retires pending code
PASS 375 dark sheet: already agreed opens the correct season and retires pending code
PASS 375 dark read: failed navigation keeps the invitation; no join
PASS 375 dark open: failed navigation keeps the invitation; no join
PASS 375 dark missing: failed navigation keeps the invitation; no join
PASS 375 dark: retry opens and consumes the kept invitation
PASS 375 dark: a newer invitation is never consumed by an older read
PASS 375 dark: failed terms read leaves the sheet retry enabled
PASS 375 dark: no unhandled exceptions
PASS 375 dark: no unconfirmed request, seat or join RPC
PASS 375 light person: direct sign-in with the same token
PASS 375 light person: target is at least 44pt
PASS 375 light person: installation remains available
PASS 375 light person: token survives email arrival
PASS 375 light person: refresh keeps intent and the email door
PASS 375 light person: no write before the deciding yes
PASS 375 light person: one confirmed redeem consumes the token
PASS 375 light plan: direct sign-in with the same token
PASS 375 light plan: target is at least 44pt
PASS 375 light plan: installation remains available
PASS 375 light plan: token survives email arrival
PASS 375 light plan: refresh keeps intent and the email door
PASS 375 light plan: no write before the deciding yes
PASS 375 light plan: one confirmed redeem consumes the token
PASS 375 light door: already agreed opens the correct season and retires pending code
PASS 375 light welcome: already agreed opens the correct season and retires pending code
PASS 375 light sheet: already agreed opens the correct season and retires pending code
PASS 375 light read: failed navigation keeps the invitation; no join
PASS 375 light open: failed navigation keeps the invitation; no join
PASS 375 light missing: failed navigation keeps the invitation; no join
PASS 375 light: retry opens and consumes the kept invitation
PASS 375 light: a newer invitation is never consumed by an older read
PASS 375 light: failed terms read leaves the sheet retry enabled
PASS 375 light: no unhandled exceptions
PASS 375 light: no unconfirmed request, seat or join RPC
PASS 402 dark person: direct sign-in with the same token
PASS 402 dark person: target is at least 44pt
PASS 402 dark person: installation remains available
PASS 402 dark person: token survives email arrival
PASS 402 dark person: refresh keeps intent and the email door
PASS 402 dark person: no write before the deciding yes
PASS 402 dark person: one confirmed redeem consumes the token
PASS 402 dark plan: direct sign-in with the same token
PASS 402 dark plan: target is at least 44pt
PASS 402 dark plan: installation remains available
PASS 402 dark plan: token survives email arrival
PASS 402 dark plan: refresh keeps intent and the email door
PASS 402 dark plan: no write before the deciding yes
PASS 402 dark plan: one confirmed redeem consumes the token
PASS 402 dark door: already agreed opens the correct season and retires pending code
PASS 402 dark welcome: already agreed opens the correct season and retires pending code
PASS 402 dark sheet: already agreed opens the correct season and retires pending code
PASS 402 dark read: failed navigation keeps the invitation; no join
PASS 402 dark open: failed navigation keeps the invitation; no join
PASS 402 dark missing: failed navigation keeps the invitation; no join
PASS 402 dark: retry opens and consumes the kept invitation
PASS 402 dark: a newer invitation is never consumed by an older read
PASS 402 dark: failed terms read leaves the sheet retry enabled
PASS 402 dark: no unhandled exceptions
PASS 402 dark: no unconfirmed request, seat or join RPC
PASS 402 light person: direct sign-in with the same token
PASS 402 light person: target is at least 44pt
PASS 402 light person: installation remains available
PASS 402 light person: token survives email arrival
PASS 402 light person: refresh keeps intent and the email door
PASS 402 light person: no write before the deciding yes
PASS 402 light person: one confirmed redeem consumes the token
PASS 402 light plan: direct sign-in with the same token
PASS 402 light plan: target is at least 44pt
PASS 402 light plan: installation remains available
PASS 402 light plan: token survives email arrival
PASS 402 light plan: refresh keeps intent and the email door
PASS 402 light plan: no write before the deciding yes
PASS 402 light plan: one confirmed redeem consumes the token
PASS 402 light door: already agreed opens the correct season and retires pending code
PASS 402 light welcome: already agreed opens the correct season and retires pending code
PASS 402 light sheet: already agreed opens the correct season and retires pending code
PASS 402 light read: failed navigation keeps the invitation; no join
PASS 402 light open: failed navigation keeps the invitation; no join
PASS 402 light missing: failed navigation keeps the invitation; no join
PASS 402 light: retry opens and consumes the kept invitation
PASS 402 light: a newer invitation is never consumed by an older read
PASS 402 light: failed terms read leaves the sheet retry enabled
PASS 402 light: no unhandled exceptions
PASS 402 light: no unconfirmed request, seat or join RPC
PASS 1280 dark person: direct sign-in with the same token
PASS 1280 dark person: target is at least 44pt
PASS 1280 dark person: installation remains available
PASS 1280 dark person: token survives email arrival
PASS 1280 dark person: refresh keeps intent and the email door
PASS 1280 dark person: no write before the deciding yes
PASS 1280 dark person: one confirmed redeem consumes the token
PASS 1280 dark plan: direct sign-in with the same token
PASS 1280 dark plan: target is at least 44pt
PASS 1280 dark plan: installation remains available
PASS 1280 dark plan: token survives email arrival
PASS 1280 dark plan: refresh keeps intent and the email door
PASS 1280 dark plan: no write before the deciding yes
PASS 1280 dark plan: one confirmed redeem consumes the token
PASS 1280 dark door: already agreed opens the correct season and retires pending code
PASS 1280 dark welcome: already agreed opens the correct season and retires pending code
PASS 1280 dark sheet: already agreed opens the correct season and retires pending code
PASS 1280 dark read: failed navigation keeps the invitation; no join
PASS 1280 dark open: failed navigation keeps the invitation; no join
PASS 1280 dark missing: failed navigation keeps the invitation; no join
PASS 1280 dark: retry opens and consumes the kept invitation
PASS 1280 dark: a newer invitation is never consumed by an older read
PASS 1280 dark: failed terms read leaves the sheet retry enabled
PASS 1280 dark: no unhandled exceptions
PASS 1280 dark: no unconfirmed request, seat or join RPC
PASS 1280 light person: direct sign-in with the same token
PASS 1280 light person: target is at least 44pt
PASS 1280 light person: installation remains available
PASS 1280 light person: token survives email arrival
PASS 1280 light person: refresh keeps intent and the email door
PASS 1280 light person: no write before the deciding yes
PASS 1280 light person: one confirmed redeem consumes the token
PASS 1280 light plan: direct sign-in with the same token
PASS 1280 light plan: target is at least 44pt
PASS 1280 light plan: installation remains available
PASS 1280 light plan: token survives email arrival
PASS 1280 light plan: refresh keeps intent and the email door
PASS 1280 light plan: no write before the deciding yes
PASS 1280 light plan: one confirmed redeem consumes the token
PASS 1280 light door: already agreed opens the correct season and retires pending code
PASS 1280 light welcome: already agreed opens the correct season and retires pending code
PASS 1280 light sheet: already agreed opens the correct season and retires pending code
PASS 1280 light read: failed navigation keeps the invitation; no join
PASS 1280 light open: failed navigation keeps the invitation; no join
PASS 1280 light missing: failed navigation keeps the invitation; no join
PASS 1280 light: retry opens and consumes the kept invitation
PASS 1280 light: a newer invitation is never consumed by an older read
PASS 1280 light: failed terms read leaves the sheet retry enabled
PASS 1280 light: no unhandled exceptions
PASS 1280 light: no unconfirmed request, seat or join RPC
150 passed; 0 failed
