Command line invocation:
    /Applications/Xcode.app/Contents/Developer/usr/bin/xcodebuild test-without-building -xctestrun /private/tmp/club-spread-build/Build/Products/Scorebook.xctestrun -destination "platform=iOS Simulator,id=02F6C3FB-CE51-415C-800B-B300099392E6" -parallel-testing-enabled NO -collect-test-diagnostics never -resultBundlePath /private/tmp/scorebook-pro.xcresult "-only-testing:CSDesignTests/ScoreMetalInkTests" "-only-testing:CupSeasonKitTests/ScoreMetalTests" "-only-testing:CupSeasonUITests/MatchProgrammeTests/testHomeRecordsAndPhotoFallback" "-only-testing:CupSeasonUITests/MatchProgrammeTests/testPhoneFeedbackRoundAndSupportingActions" "-only-testing:CupSeasonUITests/MatchProgrammeTests/testPhoneFeedbackAtAccessibilitySize"

Writing result bundle at path:
	/private/tmp/scorebook-pro.xcresult

2026-09-30 19:11:18.177892-0700 CupSeasonUITests-Runner[80923:51294724] [Default] Running tests...
    t =      nans Interface orientation changed to Portrait
Test Suite 'Selected tests' started at 2026-09-30 19:11:18.965.
Test Suite 'CupSeasonUITests.xctest' started at 2026-09-30 19:11:18.965.
Test Suite 'MatchProgrammeTests' started at 2026-09-30 19:11:18.965.
Test Case '-[CupSeasonUITests.MatchProgrammeTests testHomeRecordsAndPhotoFallback]' started.
    t =     0.00s Start Test at 2026-09-30 19:11:18.966
    t =     0.06s Set Up
    t =     0.06s Open app.cupseason.ios
    t =     0.06s     Launch app.cupseason.ios
2026-09-30 19:11:19.243 xcodebuild[80900:51294359] [MT] IDELaunchParametersSnapshot: debugger version lookup failed for path '<nil>': noURL
2026-09-30 19:11:19.243 xcodebuild[80900:51294359] [MT] IDELaunchParametersSnapshot: no debugger version
objc[80923]: Class UIAccessibilityLoaderWebShared is implemented in both /Library/Developer/CoreSimulator/Volumes/iOS_23F77/Library/Developer/CoreSimulator/Profiles/Runtimes/iOS 26.5.simruntime/Contents/Resources/RuntimeRoot/System/Library/AccessibilityBundles/WebCore.axbundle/WebCore (0x10ab68310) and /Library/Developer/CoreSimulator/Volumes/iOS_23F77/Library/Developer/CoreSimulator/Profiles/Runtimes/iOS 26.5.simruntime/Contents/Resources/RuntimeRoot/System/Library/AccessibilityBundles/WebKit.axbundle/WebKit (0x10a484398). This may cause spurious casting failures and mysterious crashes. One of the duplicates must be removed or renamed.
    t =     1.18s         Setting up automation session
    t =     2.06s         Wait for app.cupseason.ios to idle
<unknown>:0: warning: -[CupSeasonUITests.MatchProgrammeTests testHomeRecordsAndPhotoFallback] : Initial session emitted after attempting to refresh the local stored session.
This is incorrect behavior and will be fixed in the next major release since it's a breaking change.
To opt-in to the new behavior now, set `emitLocalSessionAsInitialSession: true` in your AuthClient configuration.
The new behavior ensures that the locally stored session is always emitted, regardless of its validity or expiration.
If you rely on the initial session to opt users in, you need to add an additional check for `session.isExpired` in the session.

Check https://github.com/supabase/supabase-swift/pull/822 for more information.
    t =     4.88s Waiting 15.0s for "home.lead.action" Button to exist
    t =     5.97s     Checking `Expect predicate `existsNoRetry == 1` for object "home.lead.action" Button`
    t =     5.97s         Checking existence of `"home.lead.action" Button`
    t =     6.14s Find the "home.round.C5000000-0000-4000-8000-000000000001" Button
    t =     6.20s Find the "home.round.C5000000-0000-4000-8000-000000000001" Button
    t =     6.24s Find the "home.round.C5000000-0000-4000-8000-000000000001" Button
    t =     6.27s Find the "home.round.C5000000-0000-4000-8000-000000000001" Button
    t =     6.31s Find the "home.round.C5000000-0000-4000-8000-000000000001" Button
    t =     6.35s Find the "home.round.C5000000-0000-4000-8000-000000000001" Button
    t =     6.38s Find the "home.round.C5000000-0000-4000-8000-000000000001" Button
    t =     6.42s Find the "home.round.C5000000-0000-4000-8000-000000000001" Button
    t =     6.45s Checking existence of `"home.round.C5000000-0000-4000-8000-000000000001" Button`
    t =     6.51s Find the "home.round.C5000000-0000-4000-8000-000000000001" Button
    t =     6.54s Find the "home.round.C5000000-0000-4000-8000-000000000001" Button
    t =     6.57s Find the "home.round.person.C5000000-0000-4000-8000-000000000011" Button
    t =     6.60s Find the "home.round.person.C5000000-0000-4000-8000-000000000011" Button
    t =     6.68s Find the "home.round.C5000000-0000-4000-8000-000000000001" Button
    t =     6.73s Find the "home.round.person.C5000000-0000-4000-8000-000000000011" Button
    t =     6.76s Find the "home.round.C5000000-0000-4000-8000-000000000001" Button
    t =     6.80s Find the Target Application 'app.cupseason.ios'
    t =     6.93s Added attachment named 'home-photo-records'
    t =     6.93s Tap "home.round.C5000000-0000-4000-8000-000000000001" Button
    t =     6.93s     Wait for app.cupseason.ios to idle
    t =     6.94s     Find the "home.round.C5000000-0000-4000-8000-000000000001" Button
    t =     6.96s     Check for interrupting elements affecting "home.round.C5000000-0000-4000-8000-000000000001" Button
    t =     6.99s     Synthesize event
    t =     7.30s     Wait for app.cupseason.ios to idle
    t =     7.56s Waiting 10.0s for StaticText (First Match) to exist
    t =     8.63s     Checking `Expect predicate `existsNoRetry == 1` for object StaticText (First Match)`
    t =     8.63s         Checking existence of `StaticText (First Match)`
    t =     8.80s Terminate app.cupseason.ios:80955
    t =     9.86s Open app.cupseason.ios
    t =     9.86s     Launch app.cupseason.ios
2026-09-30 19:11:28.865 xcodebuild[80900:51294359] [MT] IDELaunchParametersSnapshot: debugger version lookup failed for path '<nil>': noURL
2026-09-30 19:11:28.865 xcodebuild[80900:51294359] [MT] IDELaunchParametersSnapshot: no debugger version
    t =    10.32s         Setting up automation session
    t =    11.40s         Wait for app.cupseason.ios to idle
    t =    13.28s Waiting 15.0s for "home.lead.action" Button to exist
    t =    14.36s     Checking `Expect predicate `existsNoRetry == 1` for object "home.lead.action" Button`
    t =    14.36s         Checking existence of `"home.lead.action" Button`
    t =    14.43s Find the "home.round.C5000000-0000-4000-8000-000000000001" Button
    t =    14.47s Find the "home.round.C5000000-0000-4000-8000-000000000001" Button
    t =    14.49s Find the "home.round.C5000000-0000-4000-8000-000000000001" Button
    t =    14.52s Find the "home.round.C5000000-0000-4000-8000-000000000001" Button
    t =    14.55s Find the "home.round.C5000000-0000-4000-8000-000000000001" Button
    t =    14.58s Find the "home.round.C5000000-0000-4000-8000-000000000001" Button
    t =    14.60s Find the "home.round.C5000000-0000-4000-8000-000000000001" Button
    t =    14.63s Find the "home.round.C5000000-0000-4000-8000-000000000001" Button
    t =    14.66s Checking existence of `"home.round.C5000000-0000-4000-8000-000000000001" Button`
    t =    14.68s Find the "home.round.C5000000-0000-4000-8000-000000000001" Button
    t =    14.71s Find the "home.round.C5000000-0000-4000-8000-000000000001" Button
    t =    14.73s Find the "home.round.person.C5000000-0000-4000-8000-000000000011" Button
    t =    14.75s Find the "home.round.person.C5000000-0000-4000-8000-000000000011" Button
    t =    14.78s Find the "home.round.C5000000-0000-4000-8000-000000000001" Button
    t =    14.80s Find the "home.round.person.C5000000-0000-4000-8000-000000000011" Button
    t =    14.82s Find the "home.round.C5000000-0000-4000-8000-000000000001" Button
    t =    14.85s Find the Target Application 'app.cupseason.ios'
    t =    14.94s Added attachment named 'home-no_photo-records'
    t =    14.94s Tap "home.round.C5000000-0000-4000-8000-000000000001" Button
    t =    14.94s     Wait for app.cupseason.ios to idle
    t =    14.94s     Find the "home.round.C5000000-0000-4000-8000-000000000001" Button
    t =    14.97s     Check for interrupting elements affecting "home.round.C5000000-0000-4000-8000-000000000001" Button
    t =    14.99s     Synthesize event
    t =    15.28s     Wait for app.cupseason.ios to idle
    t =    15.34s Waiting 10.0s for StaticText (First Match) to exist
    t =    16.43s     Checking `Expect predicate `existsNoRetry == 1` for object StaticText (First Match)`
    t =    16.43s         Checking existence of `StaticText (First Match)`
    t =    16.49s Terminate app.cupseason.ios:81041
    t =    17.51s Open app.cupseason.ios
    t =    17.51s     Launch app.cupseason.ios
2026-09-30 19:11:36.486 xcodebuild[80900:51294359] [MT] IDELaunchParametersSnapshot: debugger version lookup failed for path '<nil>': noURL
2026-09-30 19:11:36.486 xcodebuild[80900:51294359] [MT] IDELaunchParametersSnapshot: no debugger version
    t =    17.74s         Setting up automation session
    t =    18.59s         Wait for app.cupseason.ios to idle
    t =    20.40s Waiting 15.0s for "home.lead.action" Button to exist
    t =    21.48s     Checking `Expect predicate `existsNoRetry == 1` for object "home.lead.action" Button`
    t =    21.48s         Checking existence of `"home.lead.action" Button`
    t =    21.57s Find the "home.round.C5000000-0000-4000-8000-000000000001" Button
    t =    21.61s Find the "home.round.C5000000-0000-4000-8000-000000000001" Button
    t =    21.77s Find the "home.round.C5000000-0000-4000-8000-000000000001" Button
    t =    21.81s Find the "home.round.C5000000-0000-4000-8000-000000000001" Button
    t =    21.86s Find the "home.round.C5000000-0000-4000-8000-000000000001" Button
    t =    21.90s Find the "home.round.C5000000-0000-4000-8000-000000000001" Button
    t =    21.93s Find the "home.round.C5000000-0000-4000-8000-000000000001" Button
    t =    21.96s Find the "home.round.C5000000-0000-4000-8000-000000000001" Button
    t =    22.00s Checking existence of `"home.round.C5000000-0000-4000-8000-000000000001" Button`
    t =    22.02s Find the "home.round.C5000000-0000-4000-8000-000000000001" Button
    t =    22.05s Find the "home.round.C5000000-0000-4000-8000-000000000001" Button
    t =    22.08s Find the "home.round.person.C5000000-0000-4000-8000-000000000011" Button
    t =    22.11s Find the "home.round.person.C5000000-0000-4000-8000-000000000011" Button
    t =    22.14s Find the "home.round.C5000000-0000-4000-8000-000000000001" Button
    t =    22.16s Find the "home.round.person.C5000000-0000-4000-8000-000000000011" Button
    t =    22.19s Find the "home.round.C5000000-0000-4000-8000-000000000001" Button
    t =    22.21s Find the Target Application 'app.cupseason.ios'
    t =    22.29s Added attachment named 'home-failed-records'
    t =    22.30s Tap "home.round.C5000000-0000-4000-8000-000000000001" Button
    t =    22.30s     Wait for app.cupseason.ios to idle
    t =    22.30s     Find the "home.round.C5000000-0000-4000-8000-000000000001" Button
    t =    22.32s     Check for interrupting elements affecting "home.round.C5000000-0000-4000-8000-000000000001" Button
    t =    22.34s     Synthesize event
    t =    22.64s     Wait for app.cupseason.ios to idle
    t =    22.66s Waiting 10.0s for StaticText (First Match) to exist
    t =    23.72s     Checking `Expect predicate `existsNoRetry == 1` for object StaticText (First Match)`
    t =    23.73s         Checking existence of `StaticText (First Match)`
    t =    23.79s Terminate app.cupseason.ios:81086
    t =    24.80s Open app.cupseason.ios
    t =    24.80s     Launch app.cupseason.ios
2026-09-30 19:11:43.772 xcodebuild[80900:51294359] [MT] IDELaunchParametersSnapshot: debugger version lookup failed for path '<nil>': noURL
2026-09-30 19:11:43.772 xcodebuild[80900:51294359] [MT] IDELaunchParametersSnapshot: no debugger version
    t =    25.02s         Setting up automation session
    t =    25.71s         Wait for app.cupseason.ios to idle
    t =    27.35s Waiting 15.0s for "home.lead.action" Button to exist
    t =    28.41s     Checking `Expect predicate `existsNoRetry == 1` for object "home.lead.action" Button`
    t =    28.41s         Checking existence of `"home.lead.action" Button`
    t =    28.50s Find the "home.round.C5000000-0000-4000-8000-000000000001" Button
    t =    28.54s Find the "home.round.C5000000-0000-4000-8000-000000000001" Button
    t =    28.57s Find the "home.round.C5000000-0000-4000-8000-000000000001" Button
    t =    28.60s Find the "home.round.C5000000-0000-4000-8000-000000000001" Button
    t =    28.63s Find the "home.round.C5000000-0000-4000-8000-000000000001" Button
    t =    28.65s Find the "home.round.C5000000-0000-4000-8000-000000000001" Button
    t =    28.68s Find the "home.round.C5000000-0000-4000-8000-000000000001" Button
    t =    28.71s Find the "home.round.C5000000-0000-4000-8000-000000000001" Button
    t =    28.73s Checking existence of `"home.round.C5000000-0000-4000-8000-000000000001" Button`
    t =    28.75s Find the "home.round.C5000000-0000-4000-8000-000000000001" Button
    t =    28.78s Find the "home.round.C5000000-0000-4000-8000-000000000001" Button
    t =    28.80s Find the "home.round.person.C5000000-0000-4000-8000-000000000011" Button
    t =    28.83s Find the "home.round.person.C5000000-0000-4000-8000-000000000011" Button
    t =    28.86s Find the "home.round.C5000000-0000-4000-8000-000000000001" Button
    t =    28.88s Find the "home.round.person.C5000000-0000-4000-8000-000000000011" Button
    t =    28.90s Find the "home.round.C5000000-0000-4000-8000-000000000001" Button
    t =    28.92s Find the Target Application 'app.cupseason.ios'
    t =    29.01s Added attachment named 'home-missing-records'
    t =    29.01s Tap "home.round.C5000000-0000-4000-8000-000000000001" Button
    t =    29.01s     Wait for app.cupseason.ios to idle
    t =    29.01s     Find the "home.round.C5000000-0000-4000-8000-000000000001" Button
    t =    29.04s     Check for interrupting elements affecting "home.round.C5000000-0000-4000-8000-000000000001" Button
    t =    29.06s     Synthesize event
    t =    29.35s     Wait for app.cupseason.ios to idle
    t =    29.37s Waiting 10.0s for StaticText (First Match) to exist
    t =    30.43s     Checking `Expect predicate `existsNoRetry == 1` for object StaticText (First Match)`
    t =    30.43s         Checking existence of `StaticText (First Match)`
    t =    30.49s Terminate app.cupseason.ios:81132
    t =    31.59s Tear Down
Test Case '-[CupSeasonUITests.MatchProgrammeTests testHomeRecordsAndPhotoFallback]' passed (31.801 seconds).
Test Case '-[CupSeasonUITests.MatchProgrammeTests testPhoneFeedbackAtAccessibilitySize]' started.
    t =     0.00s Start Test at 2026-09-30 19:11:50.768
    t =     0.02s Set Up
    t =     0.02s Open app.cupseason.ios
    t =     0.02s     Launch app.cupseason.ios
2026-09-30 19:11:50.787 xcodebuild[80900:51294359] [MT] IDELaunchParametersSnapshot: debugger version lookup failed for path '<nil>': noURL
2026-09-30 19:11:50.787 xcodebuild[80900:51294359] [MT] IDELaunchParametersSnapshot: no debugger version
    t =     0.24s         Setting up automation session
    t =     0.91s         Wait for app.cupseason.ios to idle
<unknown>:0: warning: -[CupSeasonUITests.MatchProgrammeTests testPhoneFeedbackAtAccessibilitySize] : Initial session emitted after attempting to refresh the local stored session.
This is incorrect behavior and will be fixed in the next major release since it's a breaking change.
To opt-in to the new behavior now, set `emitLocalSessionAsInitialSession: true` in your AuthClient configuration.
The new behavior ensures that the locally stored session is always emitted, regardless of its validity or expiration.
If you rely on the initial session to opt users in, you need to add an additional check for `session.isExpired` in the session.

Check https://github.com/supabase/supabase-swift/pull/822 for more information.
    t =     2.69s Waiting 15.0s for "home.lead.action" Button to exist
    t =     3.76s     Checking `Expect predicate `existsNoRetry == 1` for object "home.lead.action" Button`
    t =     3.76s         Checking existence of `"home.lead.action" Button`
    t =     3.87s Find the "home.round.C5000000-0000-4000-8000-000000000001" Button
    t =     3.90s Swipe up Target Application 'app.cupseason.ios'
    t =     3.90s     Wait for app.cupseason.ios to idle
    t =     3.90s     Find the Target Application 'app.cupseason.ios'
    t =     3.92s     Check for interrupting elements affecting "Cup Season" Application
    t =     3.94s     Synthesize event
    t =     4.36s     Wait for app.cupseason.ios to idle
    t =     6.48s Find the "home.round.C5000000-0000-4000-8000-000000000001" Button
    t =     6.53s Find the "home.round.C5000000-0000-4000-8000-000000000001" Button
    t =     6.56s Find the "home.round.C5000000-0000-4000-8000-000000000001" Button
    t =     6.59s Find the "home.round.C5000000-0000-4000-8000-000000000001" Button
    t =     6.62s Find the "home.round.C5000000-0000-4000-8000-000000000001" Button
    t =     6.65s Find the "home.round.C5000000-0000-4000-8000-000000000001" Button
    t =     6.79s Find the "home.round.C5000000-0000-4000-8000-000000000001" Button
    t =     6.82s Find the "home.round.C5000000-0000-4000-8000-000000000001" Button
    t =     6.86s Find the Target Application 'app.cupseason.ios'
    t =     6.94s Added attachment named 'home-feedback-AX3-record'
    t =     6.94s Find the "home.round.course.C5000000-0000-4000-8000-000000000001" Button
    t =     6.97s Swipe up Target Application 'app.cupseason.ios'
    t =     6.97s     Wait for app.cupseason.ios to idle
    t =     6.97s     Find the Target Application 'app.cupseason.ios'
    t =     6.98s     Check for interrupting elements affecting "Cup Season" Application
    t =     7.00s     Synthesize event
    t =     7.43s     Wait for app.cupseason.ios to idle
    t =     9.56s Find the "home.round.course.C5000000-0000-4000-8000-000000000001" Button
    t =     9.63s Find the "home.round.course.C5000000-0000-4000-8000-000000000001" Button
    t =     9.66s Find the "home.round.course.C5000000-0000-4000-8000-000000000001" Button
    t =     9.71s Find the "home.round.course.C5000000-0000-4000-8000-000000000001" Button
    t =     9.74s Find the "home.round.course.C5000000-0000-4000-8000-000000000001" Button
    t =     9.77s Find the "home.round.course.C5000000-0000-4000-8000-000000000001" Button
    t =     9.80s Find the "home.round.course.C5000000-0000-4000-8000-000000000001" Button
    t =     9.83s Find the "home.round.course.C5000000-0000-4000-8000-000000000001" Button
    t =     9.86s Find the "home.round.course.C5000000-0000-4000-8000-000000000001" Button
    t =     9.89s Find the Target Application 'app.cupseason.ios'
    t =    10.02s Added attachment named 'home-feedback-AX3-support'
    t =    10.02s Tear Down
Test Case '-[CupSeasonUITests.MatchProgrammeTests testPhoneFeedbackAtAccessibilitySize]' passed (10.375 seconds).
Test Case '-[CupSeasonUITests.MatchProgrammeTests testPhoneFeedbackRoundAndSupportingActions]' started.
    t =     0.00s Start Test at 2026-09-30 19:12:01.143
    t =     0.04s Set Up
    t =     0.04s Open app.cupseason.ios
    t =     0.04s     Launch app.cupseason.ios
    t =     0.04s         Terminate app.cupseason.ios:81185
2026-09-30 19:12:02.247 xcodebuild[80900:51294359] [MT] IDELaunchParametersSnapshot: debugger version lookup failed for path '<nil>': noURL
2026-09-30 19:12:02.247 xcodebuild[80900:51294359] [MT] IDELaunchParametersSnapshot: no debugger version
    t =     1.32s         Setting up automation session
    t =     2.28s         Wait for app.cupseason.ios to idle
<unknown>:0: warning: -[CupSeasonUITests.MatchProgrammeTests testPhoneFeedbackRoundAndSupportingActions] : Initial session emitted after attempting to refresh the local stored session.
This is incorrect behavior and will be fixed in the next major release since it's a breaking change.
To opt-in to the new behavior now, set `emitLocalSessionAsInitialSession: true` in your AuthClient configuration.
The new behavior ensures that the locally stored session is always emitted, regardless of its validity or expiration.
If you rely on the initial session to opt users in, you need to add an additional check for `session.isExpired` in the session.

Check https://github.com/supabase/supabase-swift/pull/822 for more information.
    t =     4.29s Waiting 15.0s for "home.lead.action" Button to exist
    t =     5.36s     Checking `Expect predicate `existsNoRetry == 1` for object "home.lead.action" Button`
    t =     5.36s         Checking existence of `"home.lead.action" Button`
    t =     5.47s Press ScrollView (First Match)[0.50, 0.78] for 0.1 seconds, then drag to ScrollView (First Match)[0.50, 0.48] with velocity of 500.00 pixels per second, and then hold for 0.0 seconds 
    t =     5.47s     Wait for app.cupseason.ios to idle
    t =     5.47s     Find the ScrollView (First Match)
    t =     5.48s     Check for interrupting elements affecting ScrollView
    t =     5.50s     Synthesize event
    t =     5.50s         Find the ScrollView at {{0.0, 0.0}, {402.0, 874.0}}
    t =     5.51s         Find the ScrollView at {{0.0, 0.0}, {402.0, 874.0}}
    t =     5.52s         Find the ScrollView at {{0.0, 0.0}, {402.0, 874.0}}
    t =     5.52s         Find the ScrollView at {{0.0, 0.0}, {402.0, 874.0}}
    t =     5.53s         Find the ScrollView at {{0.0, 0.0}, {402.0, 874.0}}
    t =     6.36s     Wait for app.cupseason.ios to idle
    t =     7.97s Find the "home.round.C5000000-0000-4000-8000-000000000001" Button
    t =     8.01s Find the "home.round.C5000000-0000-4000-8000-000000000001" Button
    t =     8.03s Find the "home.round.C5000000-0000-4000-8000-000000000001" Button
    t =     8.06s Find the "home.round.C5000000-0000-4000-8000-000000000001" Button
    t =     8.08s Find the "home.round.course.C5000000-0000-4000-8000-000000000001" Button
    t =     8.10s Find the "home.round.course.C5000000-0000-4000-8000-000000000001" Button
    t =     8.13s Find the "home.round.course.C5000000-0000-4000-8000-000000000001" Button
    t =     8.16s Find the "home.round.course.C5000000-0000-4000-8000-000000000001" Button
    t =     8.19s Find the "home.round.course.C5000000-0000-4000-8000-000000000001" Button
    t =     8.22s Find the "home.round.course.C5000000-0000-4000-8000-000000000001" Button
    t =     8.24s Find the "home.round.course.C5000000-0000-4000-8000-000000000001" Button
    t =     8.27s Find the "home.round.course.C5000000-0000-4000-8000-000000000001" Button
    t =     8.30s Find the "home.round.comments" Button
    t =     8.33s Find the "home.round.course.C5000000-0000-4000-8000-000000000001" Button
    t =     8.36s Find the "home.round.comments" Button
    t =     8.39s Find the "home.round.course.C5000000-0000-4000-8000-000000000001" Button
    t =     8.41s Find the "home.round.comments" Button
    t =     8.44s Find the "home.round.course.C5000000-0000-4000-8000-000000000001" Button
    t =     8.47s Find the "home.round.comments" Button
    t =     8.49s Find the "home.round.course.C5000000-0000-4000-8000-000000000001" Button
    t =     8.51s Find the Target Application 'app.cupseason.ios'
    t =     8.61s Added attachment named 'home-feedback-phone-dark'
    t =     8.61s Terminate app.cupseason.ios:81249
    t =     9.72s Open app.cupseason.ios
    t =     9.72s     Launch app.cupseason.ios
2026-09-30 19:12:10.863 xcodebuild[80900:51294359] [MT] IDELaunchParametersSnapshot: debugger version lookup failed for path '<nil>': noURL
2026-09-30 19:12:10.863 xcodebuild[80900:51294359] [MT] IDELaunchParametersSnapshot: no debugger version
    t =    10.11s         Setting up automation session
    t =    10.89s         Wait for app.cupseason.ios to idle
    t =    12.64s Waiting 15.0s for "home.lead.action" Button to exist
    t =    13.72s     Checking `Expect predicate `existsNoRetry == 1` for object "home.lead.action" Button`
    t =    13.72s         Checking existence of `"home.lead.action" Button`
    t =    13.82s Press ScrollView (First Match)[0.50, 0.78] for 0.1 seconds, then drag to ScrollView (First Match)[0.50, 0.48] with velocity of 500.00 pixels per second, and then hold for 0.0 seconds 
    t =    13.82s     Wait for app.cupseason.ios to idle
    t =    13.82s     Find the ScrollView (First Match)
    t =    13.83s     Check for interrupting elements affecting ScrollView
    t =    13.85s     Synthesize event
    t =    13.85s         Find the ScrollView at {{0.0, 0.0}, {402.0, 874.0}}
    t =    13.86s         Find the ScrollView at {{0.0, 0.0}, {402.0, 874.0}}
    t =    13.87s         Find the ScrollView at {{0.0, 0.0}, {402.0, 874.0}}
    t =    13.89s         Find the ScrollView at {{0.0, 0.0}, {402.0, 874.0}}
    t =    13.90s         Find the ScrollView at {{0.0, 0.0}, {402.0, 874.0}}
    t =    14.72s     Wait for app.cupseason.ios to idle
    t =    16.27s Find the "home.round.C5000000-0000-4000-8000-000000000001" Button
    t =    16.31s Find the "home.round.C5000000-0000-4000-8000-000000000001" Button
    t =    16.34s Find the "home.round.C5000000-0000-4000-8000-000000000001" Button
    t =    16.36s Find the "home.round.C5000000-0000-4000-8000-000000000001" Button
    t =    16.39s Find the "home.round.course.C5000000-0000-4000-8000-000000000001" Button
    t =    16.41s Find the "home.round.course.C5000000-0000-4000-8000-000000000001" Button
    t =    16.44s Find the "home.round.course.C5000000-0000-4000-8000-000000000001" Button
    t =    16.47s Find the "home.round.course.C5000000-0000-4000-8000-000000000001" Button
    t =    16.50s Find the "home.round.course.C5000000-0000-4000-8000-000000000001" Button
    t =    16.53s Find the "home.round.course.C5000000-0000-4000-8000-000000000001" Button
    t =    16.56s Find the "home.round.course.C5000000-0000-4000-8000-000000000001" Button
    t =    16.59s Find the "home.round.course.C5000000-0000-4000-8000-000000000001" Button
    t =    16.62s Find the "home.round.comments" Button
    t =    16.65s Find the "home.round.course.C5000000-0000-4000-8000-000000000001" Button
    t =    16.79s Find the "home.round.comments" Button
    t =    16.82s Find the "home.round.course.C5000000-0000-4000-8000-000000000001" Button
    t =    16.84s Find the "home.round.comments" Button
    t =    16.87s Find the "home.round.course.C5000000-0000-4000-8000-000000000001" Button
    t =    16.90s Find the "home.round.comments" Button
    t =    16.93s Find the "home.round.course.C5000000-0000-4000-8000-000000000001" Button
    t =    16.95s Find the Target Application 'app.cupseason.ios'
    t =    17.05s Added attachment named 'home-feedback-phone-light'
    t =    17.05s Terminate app.cupseason.ios:81301
    t =    18.12s Open app.cupseason.ios
    t =    18.12s     Launch app.cupseason.ios
2026-09-30 19:12:19.264 xcodebuild[80900:51294359] [MT] IDELaunchParametersSnapshot: debugger version lookup failed for path '<nil>': noURL
2026-09-30 19:12:19.264 xcodebuild[80900:51294359] [MT] IDELaunchParametersSnapshot: no debugger version
    t =    18.34s         Setting up automation session
    t =    19.07s         Wait for app.cupseason.ios to idle
    t =    20.83s Waiting 15.0s for "home.lead.action" Button to exist
    t =    21.90s     Checking `Expect predicate `existsNoRetry == 1` for object "home.lead.action" Button`
    t =    21.90s         Checking existence of `"home.lead.action" Button`
    t =    22.00s Press ScrollView (First Match)[0.50, 0.78] for 0.1 seconds, then drag to ScrollView (First Match)[0.50, 0.48] with velocity of 500.00 pixels per second, and then hold for 0.0 seconds 
    t =    22.00s     Wait for app.cupseason.ios to idle
    t =    22.00s     Find the ScrollView (First Match)
    t =    22.01s     Check for interrupting elements affecting ScrollView
    t =    22.03s     Synthesize event
    t =    22.03s         Find the ScrollView at {{0.0, 0.0}, {402.0, 874.0}}
    t =    22.04s         Find the ScrollView at {{0.0, 0.0}, {402.0, 874.0}}
    t =    22.05s         Find the ScrollView at {{0.0, 0.0}, {402.0, 874.0}}
    t =    22.06s         Find the ScrollView at {{0.0, 0.0}, {402.0, 874.0}}
    t =    22.07s         Find the ScrollView at {{0.0, 0.0}, {402.0, 874.0}}
    t =    22.89s     Wait for app.cupseason.ios to idle
    t =    24.50s Find the "home.round.C5000000-0000-4000-8000-000000000001" Button
    t =    24.54s Find the "home.round.C5000000-0000-4000-8000-000000000001" Button
    t =    24.56s Find the "home.round.C5000000-0000-4000-8000-000000000001" Button
    t =    24.59s Find the "home.round.C5000000-0000-4000-8000-000000000001" Button
    t =    24.61s Find the "home.round.course.C5000000-0000-4000-8000-000000000001" Button
    t =    24.64s Find the "home.round.course.C5000000-0000-4000-8000-000000000001" Button
    t =    24.67s Find the "home.round.course.C5000000-0000-4000-8000-000000000001" Button
    t =    24.70s Find the "home.round.course.C5000000-0000-4000-8000-000000000001" Button
    t =    24.73s Find the "home.round.course.C5000000-0000-4000-8000-000000000001" Button
    t =    24.76s Find the "home.round.course.C5000000-0000-4000-8000-000000000001" Button
    t =    24.79s Find the "home.round.course.C5000000-0000-4000-8000-000000000001" Button
    t =    24.82s Find the "home.round.course.C5000000-0000-4000-8000-000000000001" Button
    t =    24.86s Find the "home.round.comments" Button
    t =    24.89s Find the "home.round.course.C5000000-0000-4000-8000-000000000001" Button
    t =    24.92s Find the "home.round.comments" Button
    t =    24.94s Find the "home.round.course.C5000000-0000-4000-8000-000000000001" Button
    t =    24.97s Find the "home.round.comments" Button
    t =    24.99s Find the "home.round.course.C5000000-0000-4000-8000-000000000001" Button
    t =    25.02s Find the "home.round.comments" Button
    t =    25.04s Find the "home.round.course.C5000000-0000-4000-8000-000000000001" Button
    t =    25.07s Find the Target Application 'app.cupseason.ios'
    t =    25.15s Added attachment named 'home-feedback-phone_no_photo-dark'
    t =    25.15s Terminate app.cupseason.ios:81348
    t =    26.24s Open app.cupseason.ios
    t =    26.25s     Launch app.cupseason.ios
2026-09-30 19:12:27.389 xcodebuild[80900:51294359] [MT] IDELaunchParametersSnapshot: debugger version lookup failed for path '<nil>': noURL
2026-09-30 19:12:27.389 xcodebuild[80900:51294359] [MT] IDELaunchParametersSnapshot: no debugger version
    t =    26.46s         Setting up automation session
    t =    27.24s         Wait for app.cupseason.ios to idle
    t =    28.88s Waiting 15.0s for "home.lead.action" Button to exist
    t =    29.91s     Checking `Expect predicate `existsNoRetry == 1` for object "home.lead.action" Button`
    t =    29.92s         Checking existence of `"home.lead.action" Button`
    t =    30.02s Press ScrollView (First Match)[0.50, 0.78] for 0.1 seconds, then drag to ScrollView (First Match)[0.50, 0.48] with velocity of 500.00 pixels per second, and then hold for 0.0 seconds 
    t =    30.02s     Wait for app.cupseason.ios to idle
    t =    30.03s     Find the ScrollView (First Match)
    t =    30.03s     Check for interrupting elements affecting ScrollView
    t =    30.06s     Synthesize event
    t =    30.06s         Find the ScrollView at {{0.0, 0.0}, {402.0, 874.0}}
    t =    30.06s         Find the ScrollView at {{0.0, 0.0}, {402.0, 874.0}}
    t =    30.08s         Find the ScrollView at {{0.0, 0.0}, {402.0, 874.0}}
    t =    30.08s         Find the ScrollView at {{0.0, 0.0}, {402.0, 874.0}}
    t =    30.09s         Find the ScrollView at {{0.0, 0.0}, {402.0, 874.0}}
    t =    30.92s     Wait for app.cupseason.ios to idle
    t =    32.47s Find the "home.round.C5000000-0000-4000-8000-000000000001" Button
    t =    32.53s Find the "home.round.C5000000-0000-4000-8000-000000000001" Button
    t =    32.56s Find the "home.round.C5000000-0000-4000-8000-000000000001" Button
    t =    32.58s Find the "home.round.C5000000-0000-4000-8000-000000000001" Button
    t =    32.60s Find the "home.round.course.C5000000-0000-4000-8000-000000000001" Button
    t =    32.63s Find the "home.round.course.C5000000-0000-4000-8000-000000000001" Button
    t =    32.66s Find the "home.round.course.C5000000-0000-4000-8000-000000000001" Button
    t =    32.68s Find the "home.round.course.C5000000-0000-4000-8000-000000000001" Button
    t =    32.71s Find the "home.round.course.C5000000-0000-4000-8000-000000000001" Button
    t =    32.74s Find the "home.round.course.C5000000-0000-4000-8000-000000000001" Button
    t =    32.77s Find the "home.round.course.C5000000-0000-4000-8000-000000000001" Button
    t =    32.80s Find the "home.round.course.C5000000-0000-4000-8000-000000000001" Button
    t =    32.82s Find the "home.round.comments" Button
    t =    32.85s Find the "home.round.course.C5000000-0000-4000-8000-000000000001" Button
    t =    32.88s Find the "home.round.comments" Button
    t =    32.90s Find the "home.round.course.C5000000-0000-4000-8000-000000000001" Button
    t =    32.93s Find the "home.round.comments" Button
    t =    32.95s Find the "home.round.course.C5000000-0000-4000-8000-000000000001" Button
    t =    32.98s Find the "home.round.comments" Button
    t =    33.00s Find the "home.round.course.C5000000-0000-4000-8000-000000000001" Button
    t =    33.03s Find the Target Application 'app.cupseason.ios'
    t =    33.11s Added attachment named 'home-feedback-phone_no_photo-light'
    t =    33.11s Terminate app.cupseason.ios:81383
    t =    34.20s Open app.cupseason.ios
    t =    34.21s     Launch app.cupseason.ios
2026-09-30 19:12:35.353 xcodebuild[80900:51294359] [MT] IDELaunchParametersSnapshot: debugger version lookup failed for path '<nil>': noURL
2026-09-30 19:12:35.353 xcodebuild[80900:51294359] [MT] IDELaunchParametersSnapshot: no debugger version
    t =    34.42s         Setting up automation session
    t =    35.16s         Wait for app.cupseason.ios to idle
    t =    36.82s Waiting 15.0s for "home.lead.action" Button to exist
    t =    37.87s     Checking `Expect predicate `existsNoRetry == 1` for object "home.lead.action" Button`
    t =    37.87s         Checking existence of `"home.lead.action" Button`
    t =    37.98s Press ScrollView (First Match)[0.50, 0.78] for 0.1 seconds, then drag to ScrollView (First Match)[0.50, 0.48] with velocity of 500.00 pixels per second, and then hold for 0.0 seconds 
    t =    37.98s     Wait for app.cupseason.ios to idle
    t =    37.98s     Find the ScrollView (First Match)
    t =    37.99s     Check for interrupting elements affecting ScrollView
    t =    38.01s     Synthesize event
    t =    38.02s         Find the ScrollView at {{0.0, 0.0}, {402.0, 874.0}}
    t =    38.02s         Find the ScrollView at {{0.0, 0.0}, {402.0, 874.0}}
    t =    38.03s         Find the ScrollView at {{0.0, 0.0}, {402.0, 874.0}}
    t =    38.04s         Find the ScrollView at {{0.0, 0.0}, {402.0, 874.0}}
    t =    38.05s         Find the ScrollView at {{0.0, 0.0}, {402.0, 874.0}}
    t =    38.88s     Wait for app.cupseason.ios to idle
    t =    40.44s Find the "home.round.C5000000-0000-4000-8000-000000000001" Button
    t =    40.50s Find the "home.round.C5000000-0000-4000-8000-000000000001" Button
    t =    40.52s Find the "home.round.C5000000-0000-4000-8000-000000000001" Button
    t =    40.55s Find the "home.round.C5000000-0000-4000-8000-000000000001" Button
    t =    40.57s Find the "home.round.course.C5000000-0000-4000-8000-000000000001" Button
    t =    40.60s Find the "home.round.course.C5000000-0000-4000-8000-000000000001" Button
    t =    40.64s Find the "home.round.course.C5000000-0000-4000-8000-000000000001" Button
    t =    40.67s Find the "home.round.course.C5000000-0000-4000-8000-000000000001" Button
    t =    40.70s Find the "home.round.course.C5000000-0000-4000-8000-000000000001" Button
    t =    40.73s Find the "home.round.course.C5000000-0000-4000-8000-000000000001" Button
    t =    40.76s Find the "home.round.course.C5000000-0000-4000-8000-000000000001" Button
    t =    40.80s Find the "home.round.course.C5000000-0000-4000-8000-000000000001" Button
    t =    40.83s Find the "home.round.comments" Button
    t =    40.87s Find the "home.round.course.C5000000-0000-4000-8000-000000000001" Button
    t =    40.90s Find the "home.round.comments" Button
    t =    40.92s Find the "home.round.course.C5000000-0000-4000-8000-000000000001" Button
    t =    40.94s Find the "home.round.comments" Button
    t =    40.97s Find the "home.round.course.C5000000-0000-4000-8000-000000000001" Button
    t =    40.99s Find the "home.round.comments" Button
    t =    41.01s Find the "home.round.course.C5000000-0000-4000-8000-000000000001" Button
    t =    41.04s Find the Target Application 'app.cupseason.ios'
    t =    41.12s Added attachment named 'home-feedback-phone_failed-dark'
    t =    41.12s Terminate app.cupseason.ios:81445
    t =    42.13s Open app.cupseason.ios
    t =    42.14s     Launch app.cupseason.ios
2026-09-30 19:12:43.283 xcodebuild[80900:51294359] [MT] IDELaunchParametersSnapshot: debugger version lookup failed for path '<nil>': noURL
2026-09-30 19:12:43.283 xcodebuild[80900:51294359] [MT] IDELaunchParametersSnapshot: no debugger version
    t =    42.35s         Setting up automation session
    t =    43.09s         Wait for app.cupseason.ios to idle
    t =    44.72s Waiting 15.0s for "home.lead.action" Button to exist
    t =    45.75s     Checking `Expect predicate `existsNoRetry == 1` for object "home.lead.action" Button`
    t =    45.75s         Checking existence of `"home.lead.action" Button`
    t =    45.86s Press ScrollView (First Match)[0.50, 0.78] for 0.1 seconds, then drag to ScrollView (First Match)[0.50, 0.48] with velocity of 500.00 pixels per second, and then hold for 0.0 seconds 
    t =    45.86s     Wait for app.cupseason.ios to idle
    t =    45.87s     Find the ScrollView (First Match)
    t =    45.87s     Check for interrupting elements affecting ScrollView
    t =    45.90s     Synthesize event
    t =    45.90s         Find the ScrollView at {{0.0, 0.0}, {402.0, 874.0}}
    t =    45.90s         Find the ScrollView at {{0.0, 0.0}, {402.0, 874.0}}
    t =    45.91s         Find the ScrollView at {{0.0, 0.0}, {402.0, 874.0}}
    t =    45.92s         Find the ScrollView at {{0.0, 0.0}, {402.0, 874.0}}
    t =    45.93s         Find the ScrollView at {{0.0, 0.0}, {402.0, 874.0}}
    t =    46.76s     Wait for app.cupseason.ios to idle
    t =    48.30s Find the "home.round.C5000000-0000-4000-8000-000000000001" Button
    t =    48.36s Find the "home.round.C5000000-0000-4000-8000-000000000001" Button
    t =    48.38s Find the "home.round.C5000000-0000-4000-8000-000000000001" Button
    t =    48.41s Find the "home.round.C5000000-0000-4000-8000-000000000001" Button
    t =    48.43s Find the "home.round.course.C5000000-0000-4000-8000-000000000001" Button
    t =    48.45s Find the "home.round.course.C5000000-0000-4000-8000-000000000001" Button
    t =    48.48s Find the "home.round.course.C5000000-0000-4000-8000-000000000001" Button
    t =    48.51s Find the "home.round.course.C5000000-0000-4000-8000-000000000001" Button
    t =    48.54s Find the "home.round.course.C5000000-0000-4000-8000-000000000001" Button
    t =    48.57s Find the "home.round.course.C5000000-0000-4000-8000-000000000001" Button
    t =    48.59s Find the "home.round.course.C5000000-0000-4000-8000-000000000001" Button
    t =    48.62s Find the "home.round.course.C5000000-0000-4000-8000-000000000001" Button
    t =    48.65s Find the "home.round.comments" Button
    t =    48.69s Find the "home.round.course.C5000000-0000-4000-8000-000000000001" Button
    t =    48.72s Find the "home.round.comments" Button
    t =    48.75s Find the "home.round.course.C5000000-0000-4000-8000-000000000001" Button
    t =    48.88s Find the "home.round.comments" Button
    t =    48.91s Find the "home.round.course.C5000000-0000-4000-8000-000000000001" Button
    t =    48.94s Find the "home.round.comments" Button
    t =    48.96s Find the "home.round.course.C5000000-0000-4000-8000-000000000001" Button
    t =    48.99s Find the Target Application 'app.cupseason.ios'
    t =    49.07s Added attachment named 'home-feedback-phone_failed-light'
    t =    49.07s Terminate app.cupseason.ios:81492
    t =    50.17s Tear Down
Test Case '-[CupSeasonUITests.MatchProgrammeTests testPhoneFeedbackRoundAndSupportingActions]' passed (50.695 seconds).
Test Suite 'MatchProgrammeTests' passed at 2026-09-30 19:12:51.839.
	 Executed 3 tests, with 0 failures (0 unexpected) in 92.871 (92.874) seconds
Test Suite 'CupSeasonUITests.xctest' passed at 2026-09-30 19:12:51.840.
	 Executed 3 tests, with 0 failures (0 unexpected) in 92.871 (92.875) seconds
Test Suite 'Selected tests' passed at 2026-09-30 19:12:51.841.
	 Executed 3 tests, with 0 failures (0 unexpected) in 92.871 (92.876) seconds
Test Suite 'Selected tests' started at 2026-09-30 19:12:53.001.
Test Suite 'CSDesignTests.xctest' started at 2026-09-30 19:12:53.002.
Test Suite 'CSDesignTests.xctest' passed at 2026-09-30 19:12:53.002.
	 Executed 0 tests, with 0 failures (0 unexpected) in 0.000 (0.000) seconds
Test Suite 'Selected tests' passed at 2026-09-30 19:12:53.002.
	 Executed 0 tests, with 0 failures (0 unexpected) in 0.000 (0.001) seconds
◇ Test run started.
↳ Testing Library Version: 2084
↳ Target Platform: arm64-apple-ios17.0-simulator
◇ Suite ScoreMetalInkTests started.
◇ Test resultObjectsStayReadableAndCannotFollowALook() started.
✔ Test resultObjectsStayReadableAndCannotFollowALook() passed after 0.015 seconds.
✔ Suite ScoreMetalInkTests passed after 0.015 seconds.
✔ Test run with 1 test in 1 suite passed after 0.015 seconds.
Test Suite 'Selected tests' started at 2026-09-30 19:12:54.176.
Test Suite 'CupSeasonKitTests.xctest' started at 2026-09-30 19:12:54.177.
Test Suite 'CupSeasonKitTests.xctest' passed at 2026-09-30 19:12:54.177.
	 Executed 0 tests, with 0 failures (0 unexpected) in 0.000 (0.000) seconds
Test Suite 'Selected tests' passed at 2026-09-30 19:12:54.177.
	 Executed 0 tests, with 0 failures (0 unexpected) in 0.000 (0.001) seconds
◇ Test run started.
↳ Testing Library Version: 2084
↳ Target Platform: arm64-apple-ios17.0-simulator
◇ Suite ScoreMetalTests started.
◇ Test matchesExistingBandEdges() started.
✔ Test matchesExistingBandEdges() passed after 0.001 seconds.
◇ Test unknownPerformanceCannotEarnAMetal() started.
✔ Test unknownPerformanceCannotEarnAMetal() passed after 0.001 seconds.
✔ Suite ScoreMetalTests passed after 0.001 seconds.
✔ Test run with 2 tests in 1 suite passed after 0.001 seconds.
2026-09-30 19:12:54.478 xcodebuild[80900:51294359] [MT] IDETestOperationsObserverDebug: 98.344 elapsed -- Testing started completed.
2026-09-30 19:12:54.478 xcodebuild[80900:51294359] [MT] IDETestOperationsObserverDebug: 0.000 sec, +0.000 sec -- start
2026-09-30 19:12:54.478 xcodebuild[80900:51294359] [MT] IDETestOperationsObserverDebug: 98.344 sec, +98.344 sec -- end

Test session results, code coverage, and logs:
	/tmp/scorebook-pro.xcresult

** TEST EXECUTE SUCCEEDED **

Testing started
