	 Executed 6 tests, with 0 failures (0 unexpected) in 0.043 (0.045) seconds
	 Executed 9 tests, with 0 failures (0 unexpected) in 0.027 (0.029) seconds
	 Executed 3 tests, with 0 failures (0 unexpected) in 5.112 (5.113) seconds
	 Executed 8 tests, with 0 failures (0 unexpected) in 0.183 (0.184) seconds
	 Executed 4 tests, with 0 failures (0 unexpected) in 0.009 (0.009) seconds
	 Executed 2 tests, with 0 failures (0 unexpected) in 0.004 (0.004) seconds
	 Executed 12 tests, with 0 failures (0 unexpected) in 0.006 (0.008) seconds
	 Executed 1 test, with 0 failures (0 unexpected) in 0.000 (0.001) seconds
	 Executed 3 tests, with 0 failures (0 unexpected) in 0.001 (0.002) seconds
	 Executed 48 tests, with 0 failures (0 unexpected) in 5.386 (5.397) seconds
	 Executed 48 tests, with 0 failures (0 unexpected) in 5.386 (5.398) seconds
◇ Suite SeasonBookSelectionTests started.
✔ Suite SeasonBookSelectionTests passed after 0.094 seconds.
✔ Test run with 150 tests in 37 suites passed after 23.502 seconds.
	 Executed 0 tests, with 0 failures (0 unexpected) in 0.000 (0.002) seconds
✔ Test run with 141 tests in 36 suites passed after 0.255 seconds.
	 Executed 16 tests, with 0 failures (0 unexpected) in 0.020 (0.057) seconds
	 Executed 16 tests, with 0 failures (0 unexpected) in 0.020 (0.057) seconds
	 Executed 16 tests, with 0 failures (0 unexpected) in 0.020 (0.058) seconds
◇ Test refreshKeepsTheRecordThroughCancellationButShowsRealFailures() started.
✔ Test refreshKeepsTheRecordThroughCancellationButShowsRealFailures() passed after 0.006 seconds.
✔ Test run with 1453 tests in 249 suites passed after 1.178 seconds.
** TEST SUCCEEDED **
